../Core/Src/main.c:112:6:GPS_Decode	32	static
../Core/Src/main.c:167:6:NPK_Decode	24	static
../Core/Src/main.c:179:6:SHT_Decode	16	static
../Core/Src/main.c:184:6:get_NPK_data	16	static
../Core/Src/main.c:191:6:get_SHT_data	40	static
../Core/Src/main.c:220:6:get_GAZ_data	32	static
../Core/Src/main.c:273:6:print_debug	656	static
../Core/Src/main.c:305:6:ClignoDelay	16	static
../Core/Src/main.c:317:6:print_lora	72	static
../Core/Src/main.c:374:6:LoRa_Init	16	static
../Core/Src/main.c:423:6:HAL_RTCEx_WakeUpTimerEventCallback	56	static
../Core/Src/main.c:433:6:HAL_UART_RxCpltCallback	16	static
../Core/Src/main.c:494:5:main	48	static
../Core/Src/main.c:591:6:SystemClock_Config	120	static
../Core/Src/main.c:657:13:MX_ETH_Init	8	static
../Core/Src/main.c:705:13:MX_I2C2_Init	8	static
../Core/Src/main.c:750:13:MX_RTC_Init	8	static
../Core/Src/main.c:791:13:MX_UART4_Init	8	static
../Core/Src/main.c:836:13:MX_USART1_UART_Init	8	static
../Core/Src/main.c:881:13:MX_USART2_UART_Init	8	static
../Core/Src/main.c:926:13:MX_USART3_UART_Init	8	static
../Core/Src/main.c:971:13:MX_USB_OTG_FS_PCD_Init	8	static
../Core/Src/main.c:1005:13:MX_GPIO_Init	64	static
../Core/Src/main.c:1091:6:Error_Handler	4	static,ignoring_inline_asm
