22:50:31 **** Incremental Build of configuration Debug for project CSE_projet ****
make -j16 all 
arm-none-eabi-gcc "../Core/Src/main.c" -mcpu=cortex-m7 -std=gnu11 -g3 -DDEBUG -DUSE_HAL_DRIVER -DSTM32H743xx -c -I../Core/Inc -I../Drivers/STM32H7xx_HAL_Driver/Inc -I../Drivers/STM32H7xx_HAL_Driver/Inc/Legacy -I../Drivers/CMSIS/Device/ST/STM32H7xx/Include -I../Drivers/CMSIS/Include -O0 -ffunction-sections -fdata-sections -Wall -fstack-usage -MMD -MP -MF"Core/Src/main.d" -MT"Core/Src/main.o" --specs=nano.specs -mfpu=fpv5-d16 -mfloat-abi=hard -mthumb -o "Core/Src/main.o"
../Core/Src/main.c: In function 'get_SHT_data':
../Core/Src/main.c:208:44: warning: pointer targets in passing argument 3 of 'HAL_I2C_Master_Transmit' differ in signedness [-Wpointer-sign]
  208 |  HAL_I2C_Master_Transmit(&hi2c2, SHTADDRw, command, 2, 3000);
      |                                            ^~~~~~~
      |                                            |
      |                                            char *
In file included from ../Core/Inc/stm32h7xx_hal_conf.h:362,
                 from ../Drivers/STM32H7xx_HAL_Driver/Inc/stm32h7xx_hal.h:29,
                 from ../Core/Inc/main.h:30,
                 from ../Core/Src/main.c:20:
../Drivers/STM32H7xx_HAL_Driver/Inc/stm32h7xx_hal_i2c.h:621:98: note: expected 'uint8_t *' {aka 'unsigned char *'} but argument is of type 'char *'
  621 | HAL_StatusTypeDef HAL_I2C_Master_Transmit(I2C_HandleTypeDef *hi2c, uint16_t DevAddress, uint8_t *pData,
      |                                                                                         ~~~~~~~~~^~~~~
../Core/Src/main.c: In function 'get_GAZ_data':
../Core/Src/main.c:254:56: warning: pointer targets in passing argument 3 of 'HAL_I2C_Master_Transmit' differ in signedness [-Wpointer-sign]
  254 |  ret = HAL_I2C_Master_Transmit(&hi2c2, ADDRESS_GAS_WR, &command, 1,
      |                                                        ^~~~~~~~
      |                                                        |
      |                                                        char *
In file included from ../Core/Inc/stm32h7xx_hal_conf.h:362,
                 from ../Drivers/STM32H7xx_HAL_Driver/Inc/stm32h7xx_hal.h:29,
                 from ../Core/Inc/main.h:30,
                 from ../Core/Src/main.c:20:
../Drivers/STM32H7xx_HAL_Driver/Inc/stm32h7xx_hal_i2c.h:621:98: note: expected 'uint8_t *' {aka 'unsigned char *'} but argument is of type 'char *'
  621 | HAL_StatusTypeDef HAL_I2C_Master_Transmit(I2C_HandleTypeDef *hi2c, uint16_t DevAddress, uint8_t *pData,
      |                                                                                         ~~~~~~~~~^~~~~
../Core/Src/main.c:258:55: warning: pointer targets in passing argument 3 of 'HAL_I2C_Master_Receive' differ in signedness [-Wpointer-sign]
  258 |  ret = HAL_I2C_Master_Receive(&hi2c2, ADDRESS_GAS_RD, data, 4,
      |                                                       ^~~~
      |                                                       |
      |                                                       char *
In file included from ../Core/Inc/stm32h7xx_hal_conf.h:362,
                 from ../Drivers/STM32H7xx_HAL_Driver/Inc/stm32h7xx_hal.h:29,
                 from ../Core/Inc/main.h:30,
                 from ../Core/Src/main.c:20:
../Drivers/STM32H7xx_HAL_Driver/Inc/stm32h7xx_hal_i2c.h:623:97: note: expected 'uint8_t *' {aka 'unsigned char *'} but argument is of type 'char *'
  623 | HAL_StatusTypeDef HAL_I2C_Master_Receive(I2C_HandleTypeDef *hi2c, uint16_t DevAddress, uint8_t *pData,
      |                                                                                        ~~~~~~~~~^~~~~
../Core/Src/main.c:270:7: warning: unused variable 'j' [-Wunused-variable]
  270 |  char j = 0;
      |       ^
../Core/Src/main.c:226:20: warning: variable 'ret' set but not used [-Wunused-but-set-variable]
  226 |  HAL_StatusTypeDef ret;
      |                    ^~~
../Core/Src/main.c: In function 'print_debug':
../Core/Src/main.c:277:2: warning: implicit declaration of function 'sprintf' [-Wimplicit-function-declaration]
  277 |  sprintf(buffer, "=======================\r\n"
      |  ^~~~~~~
../Core/Src/main.c:277:2: warning: incompatible implicit declaration of built-in function 'sprintf'
../Core/Src/main.c:22:1: note: include '<stdio.h>' or provide a declaration of 'sprintf'
   21 | #include "string.h"
  +++ |+#include <stdio.h>
   22 | 
../Core/Src/main.c:277:10: warning: pointer targets in passing argument 1 of 'sprintf' differ in signedness [-Wpointer-sign]
  277 |  sprintf(buffer, "=======================\r\n"
      |          ^~~~~~
      |          |
      |          uint8_t * {aka unsigned char *}
../Core/Src/main.c:277:10: note: expected 'char *' but argument is of type 'uint8_t *' {aka 'unsigned char *'}
../Core/Src/main.c:277:18: warning: format '%u' expects argument of type 'unsigned int', but argument 15 has type 'long unsigned int' [-Wformat=]
  277 |  sprintf(buffer, "=======================\r\n"
      |                  ^~~~~~~~~~~~~~~~~~~~~~~~~~~~~
......
  300 |    NPK_cleandata[7],GAZ_cleandata[0],GAZ_cleandata[1],GAZ_cleandata[2],GAZ_cleandata[3]);
      |                     ~~~~~~~~~~~~~~~~
      |                                  |
      |                                  long unsigned int
../Core/Src/main.c:292:16: note: format string is defined here
  292 |    "GAZ_NO2 = %u \r\n"
      |               ~^
      |                |
      |                unsigned int
      |               %lu
../Core/Src/main.c:277:18: warning: format '%u' expects argument of type 'unsigned int', but argument 16 has type 'long unsigned int' [-Wformat=]
  277 |  sprintf(buffer, "=======================\r\n"
      |                  ^~~~~~~~~~~~~~~~~~~~~~~~~~~~~
......
  300 |    NPK_cleandata[7],GAZ_cleandata[0],GAZ_cleandata[1],GAZ_cleandata[2],GAZ_cleandata[3]);
      |                                      ~~~~~~~~~~~~~~~~
      |                                                   |
      |                                                   long unsigned int
../Core/Src/main.c:293:20: note: format string is defined here
  293 |    "GAZ_ALCOHOL = %u \r\n"
      |                   ~^
      |                    |
      |                    unsigned int
      |                   %lu
../Core/Src/main.c:277:18: warning: format '%u' expects argument of type 'unsigned int', but argument 17 has type 'long unsigned int' [-Wformat=]
  277 |  sprintf(buffer, "=======================\r\n"
      |                  ^~~~~~~~~~~~~~~~~~~~~~~~~~~~~
......
  300 |    NPK_cleandata[7],GAZ_cleandata[0],GAZ_cleandata[1],GAZ_cleandata[2],GAZ_cleandata[3]);
      |                                                       ~~~~~~~~~~~~~~~~
      |                                                                    |
      |                                                                    long unsigned int
../Core/Src/main.c:294:16: note: format string is defined here
  294 |    "GAZ_VOC = %u \r\n"
      |               ~^
      |                |
      |                unsigned int
      |               %lu
../Core/Src/main.c:277:18: warning: format '%u' expects argument of type 'unsigned int', but argument 18 has type 'long unsigned int' [-Wformat=]
  277 |  sprintf(buffer, "=======================\r\n"
      |                  ^~~~~~~~~~~~~~~~~~~~~~~~~~~~~
......
  300 |    NPK_cleandata[7],GAZ_cleandata[0],GAZ_cleandata[1],GAZ_cleandata[2],GAZ_cleandata[3]);
      |                                                                        ~~~~~~~~~~~~~~~~
      |                                                                                     |
      |                                                                                     long unsigned int
../Core/Src/main.c:295:15: note: format string is defined here
  295 |    "GAZ_C0 = %u \r\n"
      |              ~^
      |               |
      |               unsigned int
      |              %lu
../Core/Src/main.c: In function 'print_lora':
../Core/Src/main.c:322:2: warning: incompatible implicit declaration of built-in function 'sprintf'
  322 |  sprintf(message, "AT+MSG=GPSLAT_%f--GPSLONG_%f\r\n", GPS_cleandata[0],
      |  ^~~~~~~
../Core/Src/main.c:322:2: note: include '<stdio.h>' or provide a declaration of 'sprintf'
../Core/Src/main.c:324:29: warning: pointer targets in passing argument 2 of 'HAL_UART_Transmit' differ in signedness [-Wpointer-sign]
  324 |  HAL_UART_Transmit(&huart1, message, sizeof(message), 5000);
      |                             ^~~~~~~
      |                             |
      |                             char *
In file included from ../Core/Inc/stm32h7xx_hal_conf.h:458,
                 from ../Drivers/STM32H7xx_HAL_Driver/Inc/stm32h7xx_hal.h:29,
                 from ../Core/Inc/main.h:30,
                 from ../Core/Src/main.c:20:
../Drivers/STM32H7xx_HAL_Driver/Inc/stm32h7xx_hal_uart.h:1614:79: note: expected 'const uint8_t *' {aka 'const unsigned char *'} but argument is of type 'char *'
 1614 | HAL_StatusTypeDef HAL_UART_Transmit(UART_HandleTypeDef *huart, const uint8_t *pData, uint16_t Size, uint32_t Timeout);
      |                                                                ~~~~~~~~~~~~~~~^~~~~
../Core/Src/main.c:330:29: warning: pointer targets in passing argument 2 of 'HAL_UART_Transmit' differ in signedness [-Wpointer-sign]
  330 |  HAL_UART_Transmit(&huart1, message, sizeof(message), 5000);
      |                             ^~~~~~~
      |                             |
      |                             char *
In file included from ../Core/Inc/stm32h7xx_hal_conf.h:458,
                 from ../Drivers/STM32H7xx_HAL_Driver/Inc/stm32h7xx_hal.h:29,
                 from ../Core/Inc/main.h:30,
                 from ../Core/Src/main.c:20:
../Drivers/STM32H7xx_HAL_Driver/Inc/stm32h7xx_hal_uart.h:1614:79: note: expected 'const uint8_t *' {aka 'const unsigned char *'} but argument is of type 'char *'
 1614 | HAL_StatusTypeDef HAL_UART_Transmit(UART_HandleTypeDef *huart, const uint8_t *pData, uint16_t Size, uint32_t Timeout);
      |                                                                ~~~~~~~~~~~~~~~^~~~~
../Core/Src/main.c:336:29: warning: pointer targets in passing argument 2 of 'HAL_UART_Transmit' differ in signedness [-Wpointer-sign]
  336 |  HAL_UART_Transmit(&huart1, message, sizeof(message), 5000);
      |                             ^~~~~~~
      |                             |
      |                             char *
In file included from ../Core/Inc/stm32h7xx_hal_conf.h:458,
                 from ../Drivers/STM32H7xx_HAL_Driver/Inc/stm32h7xx_hal.h:29,
                 from ../Core/Inc/main.h:30,
                 from ../Core/Src/main.c:20:
../Drivers/STM32H7xx_HAL_Driver/Inc/stm32h7xx_hal_uart.h:1614:79: note: expected 'const uint8_t *' {aka 'const unsigned char *'} but argument is of type 'char *'
 1614 | HAL_StatusTypeDef HAL_UART_Transmit(UART_HandleTypeDef *huart, const uint8_t *pData, uint16_t Size, uint32_t Timeout);
      |                                                                ~~~~~~~~~~~~~~~^~~~~
../Core/Src/main.c:342:29: warning: pointer targets in passing argument 2 of 'HAL_UART_Transmit' differ in signedness [-Wpointer-sign]
  342 |  HAL_UART_Transmit(&huart1, message, sizeof(message), 5000);
      |                             ^~~~~~~
      |                             |
      |                             char *
In file included from ../Core/Inc/stm32h7xx_hal_conf.h:458,
                 from ../Drivers/STM32H7xx_HAL_Driver/Inc/stm32h7xx_hal.h:29,
                 from ../Core/Inc/main.h:30,
                 from ../Core/Src/main.c:20:
../Drivers/STM32H7xx_HAL_Driver/Inc/stm32h7xx_hal_uart.h:1614:79: note: expected 'const uint8_t *' {aka 'const unsigned char *'} but argument is of type 'char *'
 1614 | HAL_StatusTypeDef HAL_UART_Transmit(UART_HandleTypeDef *huart, const uint8_t *pData, uint16_t Size, uint32_t Timeout);
      |                                                                ~~~~~~~~~~~~~~~^~~~~
../Core/Src/main.c:348:29: warning: pointer targets in passing argument 2 of 'HAL_UART_Transmit' differ in signedness [-Wpointer-sign]
  348 |  HAL_UART_Transmit(&huart1, message, sizeof(message), 5000);
      |                             ^~~~~~~
      |                             |
      |                             char *
In file included from ../Core/Inc/stm32h7xx_hal_conf.h:458,
                 from ../Drivers/STM32H7xx_HAL_Driver/Inc/stm32h7xx_hal.h:29,
                 from ../Core/Inc/main.h:30,
                 from ../Core/Src/main.c:20:
../Drivers/STM32H7xx_HAL_Driver/Inc/stm32h7xx_hal_uart.h:1614:79: note: expected 'const uint8_t *' {aka 'const unsigned char *'} but argument is of type 'char *'
 1614 | HAL_StatusTypeDef HAL_UART_Transmit(UART_HandleTypeDef *huart, const uint8_t *pData, uint16_t Size, uint32_t Timeout);
      |                                                                ~~~~~~~~~~~~~~~^~~~~
../Core/Src/main.c:355:29: warning: pointer targets in passing argument 2 of 'HAL_UART_Transmit' differ in signedness [-Wpointer-sign]
  355 |  HAL_UART_Transmit(&huart1, message, sizeof(message), 5000);
      |                             ^~~~~~~
      |                             |
      |                             char *
In file included from ../Core/Inc/stm32h7xx_hal_conf.h:458,
                 from ../Drivers/STM32H7xx_HAL_Driver/Inc/stm32h7xx_hal.h:29,
                 from ../Core/Inc/main.h:30,
                 from ../Core/Src/main.c:20:
../Drivers/STM32H7xx_HAL_Driver/Inc/stm32h7xx_hal_uart.h:1614:79: note: expected 'const uint8_t *' {aka 'const unsigned char *'} but argument is of type 'char *'
 1614 | HAL_StatusTypeDef HAL_UART_Transmit(UART_HandleTypeDef *huart, const uint8_t *pData, uint16_t Size, uint32_t Timeout);
      |                                                                ~~~~~~~~~~~~~~~^~~~~
../Core/Src/main.c:359:35: warning: format '%u' expects argument of type 'unsigned int', but argument 3 has type 'long unsigned int' [-Wformat=]
  359 |  sprintf(message, "AT+MSG=GAZNO2_%u--"
      |                                  ~^
      |                                   |
      |                                   unsigned int
      |                                  %lu
  360 |    "GAZALCO_%u\r\n", GAZ_cleandata[0], GAZ_cleandata[1]);
      |                      ~~~~~~~~~~~~~~~~
      |                                   |
      |                                   long unsigned int
../Core/Src/main.c:359:19: warning: format '%u' expects argument of type 'unsigned int', but argument 4 has type 'long unsigned int' [-Wformat=]
  359 |  sprintf(message, "AT+MSG=GAZNO2_%u--"
      |                   ^~~~~~~~~~~~~~~~~~~~
  360 |    "GAZALCO_%u\r\n", GAZ_cleandata[0], GAZ_cleandata[1]);
      |                                        ~~~~~~~~~~~~~~~~
      |                                                     |
      |                                                     long unsigned int
../Core/Src/main.c:360:14: note: format string is defined here
  360 |    "GAZALCO_%u\r\n", GAZ_cleandata[0], GAZ_cleandata[1]);
      |             ~^
      |              |
      |              unsigned int
      |             %lu
../Core/Src/main.c:362:29: warning: pointer targets in passing argument 2 of 'HAL_UART_Transmit' differ in signedness [-Wpointer-sign]
  362 |  HAL_UART_Transmit(&huart1, message, sizeof(message), 5000);
      |                             ^~~~~~~
      |                             |
      |                             char *
In file included from ../Core/Inc/stm32h7xx_hal_conf.h:458,
                 from ../Drivers/STM32H7xx_HAL_Driver/Inc/stm32h7xx_hal.h:29,
                 from ../Core/Inc/main.h:30,
                 from ../Core/Src/main.c:20:
../Drivers/STM32H7xx_HAL_Driver/Inc/stm32h7xx_hal_uart.h:1614:79: note: expected 'const uint8_t *' {aka 'const unsigned char *'} but argument is of type 'char *'
 1614 | HAL_StatusTypeDef HAL_UART_Transmit(UART_HandleTypeDef *huart, const uint8_t *pData, uint16_t Size, uint32_t Timeout);
      |                                                                ~~~~~~~~~~~~~~~^~~~~
../Core/Src/main.c:366:35: warning: format '%u' expects argument of type 'unsigned int', but argument 3 has type 'long unsigned int' [-Wformat=]
  366 |  sprintf(message, "AT+MSG=GAZVOC_%u--"
      |                                  ~^
      |                                   |
      |                                   unsigned int
      |                                  %lu
  367 |     "GAZCO_%u\r\n", GAZ_cleandata[2], GAZ_cleandata[3]);
      |                     ~~~~~~~~~~~~~~~~
      |                                  |
      |                                  long unsigned int
../Core/Src/main.c:366:19: warning: format '%u' expects argument of type 'unsigned int', but argument 4 has type 'long unsigned int' [-Wformat=]
  366 |  sprintf(message, "AT+MSG=GAZVOC_%u--"
      |                   ^~~~~~~~~~~~~~~~~~~~
  367 |     "GAZCO_%u\r\n", GAZ_cleandata[2], GAZ_cleandata[3]);
      |                                       ~~~~~~~~~~~~~~~~
      |                                                    |
      |                                                    long unsigned int
../Core/Src/main.c:367:13: note: format string is defined here
  367 |     "GAZCO_%u\r\n", GAZ_cleandata[2], GAZ_cleandata[3]);
      |            ~^
      |             |
      |             unsigned int
      |            %lu
../Core/Src/main.c:369:29: warning: pointer targets in passing argument 2 of 'HAL_UART_Transmit' differ in signedness [-Wpointer-sign]
  369 |  HAL_UART_Transmit(&huart1, message, sizeof(message), 5000);
      |                             ^~~~~~~
      |                             |
      |                             char *
In file included from ../Core/Inc/stm32h7xx_hal_conf.h:458,
                 from ../Drivers/STM32H7xx_HAL_Driver/Inc/stm32h7xx_hal.h:29,
                 from ../Core/Inc/main.h:30,
                 from ../Core/Src/main.c:20:
../Drivers/STM32H7xx_HAL_Driver/Inc/stm32h7xx_hal_uart.h:1614:79: note: expected 'const uint8_t *' {aka 'const unsigned char *'} but argument is of type 'char *'
 1614 | HAL_StatusTypeDef HAL_UART_Transmit(UART_HandleTypeDef *huart, const uint8_t *pData, uint16_t Size, uint32_t Timeout);
      |                                                                ~~~~~~~~~~~~~~~^~~~~
../Core/Src/main.c: In function 'LoRa_Init':
../Core/Src/main.c:378:29: warning: pointer targets in passing argument 2 of 'HAL_UART_Transmit' differ in signedness [-Wpointer-sign]
  378 |  HAL_UART_Transmit(&huart1, "AT+MODE=LWOTAA\r\n", 30, 100);
      |                             ^~~~~~~~~~~~~~~~~~~~
      |                             |
      |                             char *
In file included from ../Core/Inc/stm32h7xx_hal_conf.h:458,
                 from ../Drivers/STM32H7xx_HAL_Driver/Inc/stm32h7xx_hal.h:29,
                 from ../Core/Inc/main.h:30,
                 from ../Core/Src/main.c:20:
../Drivers/STM32H7xx_HAL_Driver/Inc/stm32h7xx_hal_uart.h:1614:79: note: expected 'const uint8_t *' {aka 'const unsigned char *'} but argument is of type 'char *'
 1614 | HAL_StatusTypeDef HAL_UART_Transmit(UART_HandleTypeDef *huart, const uint8_t *pData, uint16_t Size, uint32_t Timeout);
      |                                                                ~~~~~~~~~~~~~~~^~~~~
../Core/Src/main.c:382:29: warning: pointer targets in passing argument 2 of 'HAL_UART_Transmit' differ in signedness [-Wpointer-sign]
  382 |  HAL_UART_Transmit(&huart1, "AT+DR=EU868\r\n", 30, 100);
      |                             ^~~~~~~~~~~~~~~~~
      |                             |
      |                             char *
In file included from ../Core/Inc/stm32h7xx_hal_conf.h:458,
                 from ../Drivers/STM32H7xx_HAL_Driver/Inc/stm32h7xx_hal.h:29,
                 from ../Core/Inc/main.h:30,
                 from ../Core/Src/main.c:20:
../Drivers/STM32H7xx_HAL_Driver/Inc/stm32h7xx_hal_uart.h:1614:79: note: expected 'const uint8_t *' {aka 'const unsigned char *'} but argument is of type 'char *'
 1614 | HAL_StatusTypeDef HAL_UART_Transmit(UART_HandleTypeDef *huart, const uint8_t *pData, uint16_t Size, uint32_t Timeout);
      |                                                                ~~~~~~~~~~~~~~~^~~~~
../Core/Src/main.c:385:29: warning: pointer targets in passing argument 2 of 'HAL_UART_Transmit' differ in signedness [-Wpointer-sign]
  385 |  HAL_UART_Transmit(&huart1, "AT+ID=AppEui\r\n", 30, 100);
      |                             ^~~~~~~~~~~~~~~~~~
      |                             |
      |                             char *
In file included from ../Core/Inc/stm32h7xx_hal_conf.h:458,
                 from ../Drivers/STM32H7xx_HAL_Driver/Inc/stm32h7xx_hal.h:29,
                 from ../Core/Inc/main.h:30,
                 from ../Core/Src/main.c:20:
../Drivers/STM32H7xx_HAL_Driver/Inc/stm32h7xx_hal_uart.h:1614:79: note: expected 'const uint8_t *' {aka 'const unsigned char *'} but argument is of type 'char *'
 1614 | HAL_StatusTypeDef HAL_UART_Transmit(UART_HandleTypeDef *huart, const uint8_t *pData, uint16_t Size, uint32_t Timeout);
      |                                                                ~~~~~~~~~~~~~~~^~~~~
../Core/Src/main.c:388:29: warning: pointer targets in passing argument 2 of 'HAL_UART_Transmit' differ in signedness [-Wpointer-sign]
  388 |  HAL_UART_Transmit(&huart1, "AT+ID=DevEui\r\n", 30, 100);
      |                             ^~~~~~~~~~~~~~~~~~
      |                             |
      |                             char *
In file included from ../Core/Inc/stm32h7xx_hal_conf.h:458,
                 from ../Drivers/STM32H7xx_HAL_Driver/Inc/stm32h7xx_hal.h:29,
                 from ../Core/Inc/main.h:30,
                 from ../Core/Src/main.c:20:
../Drivers/STM32H7xx_HAL_Driver/Inc/stm32h7xx_hal_uart.h:1614:79: note: expected 'const uint8_t *' {aka 'const unsigned char *'} but argument is of type 'char *'
 1614 | HAL_StatusTypeDef HAL_UART_Transmit(UART_HandleTypeDef *huart, const uint8_t *pData, uint16_t Size, uint32_t Timeout);
      |                                                                ~~~~~~~~~~~~~~~^~~~~
../Core/Src/main.c:391:29: warning: pointer targets in passing argument 2 of 'HAL_UART_Transmit' differ in signedness [-Wpointer-sign]
  391 |  HAL_UART_Transmit(&huart1, "AT+ID=DevAddr\r\n", 30, 100);
      |                             ^~~~~~~~~~~~~~~~~~~
      |                             |
      |                             char *
In file included from ../Core/Inc/stm32h7xx_hal_conf.h:458,
                 from ../Drivers/STM32H7xx_HAL_Driver/Inc/stm32h7xx_hal.h:29,
                 from ../Core/Inc/main.h:30,
                 from ../Core/Src/main.c:20:
../Drivers/STM32H7xx_HAL_Driver/Inc/stm32h7xx_hal_uart.h:1614:79: note: expected 'const uint8_t *' {aka 'const unsigned char *'} but argument is of type 'char *'
 1614 | HAL_StatusTypeDef HAL_UART_Transmit(UART_HandleTypeDef *huart, const uint8_t *pData, uint16_t Size, uint32_t Timeout);
      |                                                                ~~~~~~~~~~~~~~~^~~~~
../Core/Src/main.c:394:29: warning: pointer targets in passing argument 2 of 'HAL_UART_Transmit' differ in signedness [-Wpointer-sign]
  394 |  HAL_UART_Transmit(&huart1, "AT+DR\r\n", 30, 100);
      |                             ^~~~~~~~~~~
      |                             |
      |                             char *
In file included from ../Core/Inc/stm32h7xx_hal_conf.h:458,
                 from ../Drivers/STM32H7xx_HAL_Driver/Inc/stm32h7xx_hal.h:29,
                 from ../Core/Inc/main.h:30,
                 from ../Core/Src/main.c:20:
../Drivers/STM32H7xx_HAL_Driver/Inc/stm32h7xx_hal_uart.h:1614:79: note: expected 'const uint8_t *' {aka 'const unsigned char *'} but argument is of type 'char *'
 1614 | HAL_StatusTypeDef HAL_UART_Transmit(UART_HandleTypeDef *huart, const uint8_t *pData, uint16_t Size, uint32_t Timeout);
      |                                                                ~~~~~~~~~~~~~~~^~~~~
../Core/Src/main.c:397:29: warning: pointer targets in passing argument 2 of 'HAL_UART_Transmit' differ in signedness [-Wpointer-sign]
  397 |  HAL_UART_Transmit(&huart1, "AT+CH=NUM,0-2\r\n", 30, 100);
      |                             ^~~~~~~~~~~~~~~~~~~
      |                             |
      |                             char *
In file included from ../Core/Inc/stm32h7xx_hal_conf.h:458,
                 from ../Drivers/STM32H7xx_HAL_Driver/Inc/stm32h7xx_hal.h:29,
                 from ../Core/Inc/main.h:30,
                 from ../Core/Src/main.c:20:
../Drivers/STM32H7xx_HAL_Driver/Inc/stm32h7xx_hal_uart.h:1614:79: note: expected 'const uint8_t *' {aka 'const unsigned char *'} but argument is of type 'char *'
 1614 | HAL_StatusTypeDef HAL_UART_Transmit(UART_HandleTypeDef *huart, const uint8_t *pData, uint16_t Size, uint32_t Timeout);
      |                                                                ~~~~~~~~~~~~~~~^~~~~
../Core/Src/main.c:401:4: warning: pointer targets in passing argument 2 of 'HAL_UART_Transmit' differ in signedness [-Wpointer-sign]
  401 |    "AT+KEY=APPKEY,\"8155B636AEDF51D52598992A7DA229A4\"\r\n", 100, 500);
      |    ^~~~~~~~~~~~~~~~~~~~~~~~~~~~~~~~~~~~~~~~~~~~~~~~~~~~~~~~
      |    |
      |    char *
In file included from ../Core/Inc/stm32h7xx_hal_conf.h:458,
                 from ../Drivers/STM32H7xx_HAL_Driver/Inc/stm32h7xx_hal.h:29,
                 from ../Core/Inc/main.h:30,
                 from ../Core/Src/main.c:20:
../Drivers/STM32H7xx_HAL_Driver/Inc/stm32h7xx_hal_uart.h:1614:79: note: expected 'const uint8_t *' {aka 'const unsigned char *'} but argument is of type 'char *'
 1614 | HAL_StatusTypeDef HAL_UART_Transmit(UART_HandleTypeDef *huart, const uint8_t *pData, uint16_t Size, uint32_t Timeout);
      |                                                                ~~~~~~~~~~~~~~~^~~~~
../Core/Src/main.c:404:29: warning: pointer targets in passing argument 2 of 'HAL_UART_Transmit' differ in signedness [-Wpointer-sign]
  404 |  HAL_UART_Transmit(&huart1, "AT+CLASS=A\r\n", 30, 100);
      |                             ^~~~~~~~~~~~~~~~
      |                             |
      |                             char *
In file included from ../Core/Inc/stm32h7xx_hal_conf.h:458,
                 from ../Drivers/STM32H7xx_HAL_Driver/Inc/stm32h7xx_hal.h:29,
                 from ../Core/Inc/main.h:30,
                 from ../Core/Src/main.c:20:
../Drivers/STM32H7xx_HAL_Driver/Inc/stm32h7xx_hal_uart.h:1614:79: note: expected 'const uint8_t *' {aka 'const unsigned char *'} but argument is of type 'char *'
 1614 | HAL_StatusTypeDef HAL_UART_Transmit(UART_HandleTypeDef *huart, const uint8_t *pData, uint16_t Size, uint32_t Timeout);
      |                                                                ~~~~~~~~~~~~~~~^~~~~
../Core/Src/main.c:407:29: warning: pointer targets in passing argument 2 of 'HAL_UART_Transmit' differ in signedness [-Wpointer-sign]
  407 |  HAL_UART_Transmit(&huart1, "AT+PORT=8\r\n", 30, 100);
      |                             ^~~~~~~~~~~~~~~
      |                             |
      |                             char *
In file included from ../Core/Inc/stm32h7xx_hal_conf.h:458,
                 from ../Drivers/STM32H7xx_HAL_Driver/Inc/stm32h7xx_hal.h:29,
                 from ../Core/Inc/main.h:30,
                 from ../Core/Src/main.c:20:
../Drivers/STM32H7xx_HAL_Driver/Inc/stm32h7xx_hal_uart.h:1614:79: note: expected 'const uint8_t *' {aka 'const unsigned char *'} but argument is of type 'char *'
 1614 | HAL_StatusTypeDef HAL_UART_Transmit(UART_HandleTypeDef *huart, const uint8_t *pData, uint16_t Size, uint32_t Timeout);
      |                                                                ~~~~~~~~~~~~~~~^~~~~
../Core/Src/main.c:410:29: warning: pointer targets in passing argument 2 of 'HAL_UART_Transmit' differ in signedness [-Wpointer-sign]
  410 |  HAL_UART_Transmit(&huart1, "AT+UART=TIMEOUT, 1000\r\n", 30, 100);
      |                             ^~~~~~~~~~~~~~~~~~~~~~~~~~~
      |                             |
      |                             char *
In file included from ../Core/Inc/stm32h7xx_hal_conf.h:458,
                 from ../Drivers/STM32H7xx_HAL_Driver/Inc/stm32h7xx_hal.h:29,
                 from ../Core/Inc/main.h:30,
                 from ../Core/Src/main.c:20:
../Drivers/STM32H7xx_HAL_Driver/Inc/stm32h7xx_hal_uart.h:1614:79: note: expected 'const uint8_t *' {aka 'const unsigned char *'} but argument is of type 'char *'
 1614 | HAL_StatusTypeDef HAL_UART_Transmit(UART_HandleTypeDef *huart, const uint8_t *pData, uint16_t Size, uint32_t Timeout);
      |                                                                ~~~~~~~~~~~~~~~^~~~~
../Core/Src/main.c:415:30: warning: pointer targets in passing argument 2 of 'HAL_UART_Transmit' differ in signedness [-Wpointer-sign]
  415 |   HAL_UART_Transmit(&huart1, "AT+JOIN\r\n", 30, 500);
      |                              ^~~~~~~~~~~~~
      |                              |
      |                              char *
In file included from ../Core/Inc/stm32h7xx_hal_conf.h:458,
                 from ../Drivers/STM32H7xx_HAL_Driver/Inc/stm32h7xx_hal.h:29,
                 from ../Core/Inc/main.h:30,
                 from ../Core/Src/main.c:20:
../Drivers/STM32H7xx_HAL_Driver/Inc/stm32h7xx_hal_uart.h:1614:79: note: expected 'const uint8_t *' {aka 'const unsigned char *'} but argument is of type 'char *'
 1614 | HAL_StatusTypeDef HAL_UART_Transmit(UART_HandleTypeDef *huart, const uint8_t *pData, uint16_t Size, uint32_t Timeout);
      |                                                                ~~~~~~~~~~~~~~~^~~~~
../Core/Src/main.c: In function 'HAL_RTCEx_WakeUpTimerEventCallback':
../Core/Src/main.c:428:2: warning: incompatible implicit declaration of built-in function 'sprintf'
  428 |  sprintf(buffer, "WakeUp from RTC\r\n");
      |  ^~~~~~~
../Core/Src/main.c:428:2: note: include '<stdio.h>' or provide a declaration of 'sprintf'
../Core/Src/main.c:428:10: warning: pointer targets in passing argument 1 of 'sprintf' differ in signedness [-Wpointer-sign]
  428 |  sprintf(buffer, "WakeUp from RTC\r\n");
      |          ^~~~~~
      |          |
      |          uint8_t * {aka unsigned char *}
../Core/Src/main.c:428:10: note: expected 'char *' but argument is of type 'uint8_t *' {aka 'unsigned char *'}
../Core/Src/main.c: In function 'HAL_UART_RxCpltCallback':
../Core/Src/main.c:446:31: warning: passing argument 2 of 'HAL_UART_Transmit' from incompatible pointer type [-Wincompatible-pointer-types]
  446 |    HAL_UART_Transmit(&huart3, &MessageReceived, i, 500);
      |                               ^~~~~~~~~~~~~~~~
      |                               |
      |                               char (*)[100]
In file included from ../Core/Inc/stm32h7xx_hal_conf.h:458,
                 from ../Drivers/STM32H7xx_HAL_Driver/Inc/stm32h7xx_hal.h:29,
                 from ../Core/Inc/main.h:30,
                 from ../Core/Src/main.c:20:
../Drivers/STM32H7xx_HAL_Driver/Inc/stm32h7xx_hal_uart.h:1614:79: note: expected 'const uint8_t *' {aka 'const unsigned char *'} but argument is of type 'char (*)[100]'
 1614 | HAL_StatusTypeDef HAL_UART_Transmit(UART_HandleTypeDef *huart, const uint8_t *pData, uint16_t Size, uint32_t Timeout);
      |                                                                ~~~~~~~~~~~~~~~^~~~~
../Core/Src/main.c:474:31: warning: passing argument 2 of 'HAL_UART_Transmit' from incompatible pointer type [-Wincompatible-pointer-types]
  474 |    HAL_UART_Transmit(&huart1, &MessageReceived, i, 500);
      |                               ^~~~~~~~~~~~~~~~
      |                               |
      |                               char (*)[100]
In file included from ../Core/Inc/stm32h7xx_hal_conf.h:458,
                 from ../Drivers/STM32H7xx_HAL_Driver/Inc/stm32h7xx_hal.h:29,
                 from ../Core/Inc/main.h:30,
                 from ../Core/Src/main.c:20:
../Drivers/STM32H7xx_HAL_Driver/Inc/stm32h7xx_hal_uart.h:1614:79: note: expected 'const uint8_t *' {aka 'const unsigned char *'} but argument is of type 'char (*)[100]'
 1614 | HAL_StatusTypeDef HAL_UART_Transmit(UART_HandleTypeDef *huart, const uint8_t *pData, uint16_t Size, uint32_t Timeout);
      |                                                                ~~~~~~~~~~~~~~~^~~~~
../Core/Src/main.c:483:32: warning: passing argument 2 of 'HAL_UART_Receive_IT' from incompatible pointer type [-Wincompatible-pointer-types]
  483 |   HAL_UART_Receive_IT(&huart4, &UART4_rxBuffer, 21); //Reçoit les 21 bytes
      |                                ^~~~~~~~~~~~~~~
      |                                |
      |                                uint8_t (*)[21] {aka unsigned char (*)[21]}
In file included from ../Core/Inc/stm32h7xx_hal_conf.h:458,
                 from ../Drivers/STM32H7xx_HAL_Driver/Inc/stm32h7xx_hal.h:29,
                 from ../Core/Inc/main.h:30,
                 from ../Core/Src/main.c:20:
../Drivers/STM32H7xx_HAL_Driver/Inc/stm32h7xx_hal_uart.h:1617:75: note: expected 'uint8_t *' {aka 'unsigned char *'} but argument is of type 'uint8_t (*)[21]' {aka 'unsigned char (*)[21]'}
 1617 | HAL_StatusTypeDef HAL_UART_Receive_IT(UART_HandleTypeDef *huart, uint8_t *pData, uint16_t Size);
      |                                                                  ~~~~~~~~~^~~~~
../Core/Src/main.c: In function 'main':
../Core/Src/main.c:567:3: warning: incompatible implicit declaration of built-in function 'sprintf'
  567 |   sprintf(buffer, "Entering StopMode\r\n");
      |   ^~~~~~~
../Core/Src/main.c:567:3: note: include '<stdio.h>' or provide a declaration of 'sprintf'
../Core/Src/main.c:567:11: warning: pointer targets in passing argument 1 of 'sprintf' differ in signedness [-Wpointer-sign]
  567 |   sprintf(buffer, "Entering StopMode\r\n");
      |           ^~~~~~
      |           |
      |           uint8_t * {aka unsigned char *}
../Core/Src/main.c:567:11: note: expected 'char *' but argument is of type 'uint8_t *' {aka 'unsigned char *'}
../Core/Src/main.c:569:30: warning: pointer targets in passing argument 2 of 'HAL_UART_Transmit' differ in signedness [-Wpointer-sign]
  569 |   HAL_UART_Transmit(&huart1, "AT+LOWPOWER\r\n", 30, 100);
      |                              ^~~~~~~~~~~~~~~~~
      |                              |
      |                              char *
In file included from ../Core/Inc/stm32h7xx_hal_conf.h:458,
                 from ../Drivers/STM32H7xx_HAL_Driver/Inc/stm32h7xx_hal.h:29,
                 from ../Core/Inc/main.h:30,
                 from ../Core/Src/main.c:20:
../Drivers/STM32H7xx_HAL_Driver/Inc/stm32h7xx_hal_uart.h:1614:79: note: expected 'const uint8_t *' {aka 'const unsigned char *'} but argument is of type 'char *'
 1614 | HAL_StatusTypeDef HAL_UART_Transmit(UART_HandleTypeDef *huart, const uint8_t *pData, uint16_t Size, uint32_t Timeout);
      |                                                                ~~~~~~~~~~~~~~~^~~~~
arm-none-eabi-gcc -o "CSE_projet.elf" @"objects.list"   -mcpu=cortex-m7 -T"C:\Users\Lucas\OneDrive\Documents_Laptop\HEIG\SEM6\CSE\CSE-Projet-Capteurs\CSE_projet_final\CSE_projet\STM32H743ZITX_FLASH.ld" --specs=nosys.specs -Wl,-Map="CSE_projet.map" -Wl,--gc-sections -static --specs=nano.specs -mfpu=fpv5-d16 -mfloat-abi=hard -mthumb -u _printf_float -u _scanf_float -Wl,--start-group -lc -lm -Wl,--end-group
Finished building target: CSE_projet.elf
 
arm-none-eabi-size   CSE_projet.elf 
arm-none-eabi-objdump -h -S  CSE_projet.elf  > "CSE_projet.list"
   text	   data	    bss	    dec	    hex	filename
  64308	    684	   4140	  69132	  10e0c	CSE_projet.elf
Finished building: default.size.stdout
 
Finished building: CSE_projet.list
 

22:50:32 Build Finished. 0 errors, 45 warnings. (took 1s.378ms)

